// Jest Snapshot v1, https://goo.gl/fbAQLP

exports[`Inverted Index should tokenize a directory 1`] = `
[
  "/Users/miriam/Downloads/skilling-j/_sent_mail/131.",
  "/Users/miriam/Downloads/skilling-j/_sent_mail/280.",
  "/Users/miriam/Downloads/skilling-j/_sent_mail/281.",
  "/Users/miriam/Downloads/skilling-j/_sent_mail/282.",
  "/Users/miriam/Downloads/skilling-j/_sent_mail/331.",
  "/Users/miriam/Downloads/skilling-j/_sent_mail/34.",
  "/Users/miriam/Downloads/skilling-j/_sent_mail/347.",
  "/Users/miriam/Downloads/skilling-j/_sent_mail/348.",
  "/Users/miriam/Downloads/skilling-j/_sent_mail/39.",
  "/Users/miriam/Downloads/skilling-j/_sent_mail/40.",
  "/Users/miriam/Downloads/skilling-j/_sent_mail/58.",
  "/Users/miriam/Downloads/skilling-j/_sent_mail/7.",
  "/Users/miriam/Downloads/skilling-j/_sent_mail/8.",
  "/Users/miriam/Downloads/skilling-j/_sent_mail/86.",
  "/Users/miriam/Downloads/skilling-j/all_documents/112.",
  "/Users/miriam/Downloads/skilling-j/all_documents/113.",
  "/Users/miriam/Downloads/skilling-j/all_documents/1276.",
  "/Users/miriam/Downloads/skilling-j/all_documents/1282.",
  "/Users/miriam/Downloads/skilling-j/all_documents/1379.",
  "/Users/miriam/Downloads/skilling-j/all_documents/1380.",
  "/Users/miriam/Downloads/skilling-j/all_documents/1403.",
  "/Users/miriam/Downloads/skilling-j/all_documents/1521.",
  "/Users/miriam/Downloads/skilling-j/all_documents/1522.",
  "/Users/miriam/Downloads/skilling-j/all_documents/1523.",
  "/Users/miriam/Downloads/skilling-j/all_documents/1528.",
  "/Users/miriam/Downloads/skilling-j/all_documents/1529.",
  "/Users/miriam/Downloads/skilling-j/all_documents/1530.",
  "/Users/miriam/Downloads/skilling-j/all_documents/1532.",
  "/Users/miriam/Downloads/skilling-j/all_documents/187.",
  "/Users/miriam/Downloads/skilling-j/all_documents/194.",
  "/Users/miriam/Downloads/skilling-j/all_documents/2143.",
  "/Users/miriam/Downloads/skilling-j/all_documents/226.",
  "/Users/miriam/Downloads/skilling-j/all_documents/235.",
  "/Users/miriam/Downloads/skilling-j/all_documents/265.",
  "/Users/miriam/Downloads/skilling-j/all_documents/266.",
  "/Users/miriam/Downloads/skilling-j/all_documents/282.",
  "/Users/miriam/Downloads/skilling-j/all_documents/414.",
  "/Users/miriam/Downloads/skilling-j/all_documents/415.",
  "/Users/miriam/Downloads/skilling-j/all_documents/416.",
  "/Users/miriam/Downloads/skilling-j/all_documents/418.",
  "/Users/miriam/Downloads/skilling-j/all_documents/46.",
  "/Users/miriam/Downloads/skilling-j/all_documents/47.",
  "/Users/miriam/Downloads/skilling-j/all_documents/51.",
  "/Users/miriam/Downloads/skilling-j/deleted_items/103.",
  "/Users/miriam/Downloads/skilling-j/deleted_items/123.",
  "/Users/miriam/Downloads/skilling-j/deleted_items/148.",
  "/Users/miriam/Downloads/skilling-j/deleted_items/210.",
  "/Users/miriam/Downloads/skilling-j/deleted_items/234.",
  "/Users/miriam/Downloads/skilling-j/deleted_items/308.",
  "/Users/miriam/Downloads/skilling-j/deleted_items/320.",
  "/Users/miriam/Downloads/skilling-j/deleted_items/374.",
  "/Users/miriam/Downloads/skilling-j/deleted_items/417.",
  "/Users/miriam/Downloads/skilling-j/deleted_items/470.",
  "/Users/miriam/Downloads/skilling-j/deleted_items/476.",
  "/Users/miriam/Downloads/skilling-j/deleted_items/484.",
  "/Users/miriam/Downloads/skilling-j/discussion_threads/1043.",
  "/Users/miriam/Downloads/skilling-j/discussion_threads/1209.",
  "/Users/miriam/Downloads/skilling-j/discussion_threads/1210.",
  "/Users/miriam/Downloads/skilling-j/discussion_threads/1211.",
  "/Users/miriam/Downloads/skilling-j/discussion_threads/1212.",
  "/Users/miriam/Downloads/skilling-j/discussion_threads/1216.",
  "/Users/miriam/Downloads/skilling-j/discussion_threads/1217.",
  "/Users/miriam/Downloads/skilling-j/discussion_threads/1218.",
  "/Users/miriam/Downloads/skilling-j/discussion_threads/141.",
  "/Users/miriam/Downloads/skilling-j/discussion_threads/147.",
  "/Users/miriam/Downloads/skilling-j/discussion_threads/1683.",
  "/Users/miriam/Downloads/skilling-j/discussion_threads/173.",
  "/Users/miriam/Downloads/skilling-j/discussion_threads/330.",
  "/Users/miriam/Downloads/skilling-j/discussion_threads/335.",
  "/Users/miriam/Downloads/skilling-j/discussion_threads/336.",
  "/Users/miriam/Downloads/skilling-j/discussion_threads/337.",
  "/Users/miriam/Downloads/skilling-j/discussion_threads/43.",
  "/Users/miriam/Downloads/skilling-j/discussion_threads/46.",
  "/Users/miriam/Downloads/skilling-j/discussion_threads/74.",
  "/Users/miriam/Downloads/skilling-j/discussion_threads/75.",
  "/Users/miriam/Downloads/skilling-j/inbox/1013.",
  "/Users/miriam/Downloads/skilling-j/inbox/1076.",
  "/Users/miriam/Downloads/skilling-j/inbox/1156.",
  "/Users/miriam/Downloads/skilling-j/inbox/128.",
  "/Users/miriam/Downloads/skilling-j/inbox/1283.",
  "/Users/miriam/Downloads/skilling-j/inbox/129.",
  "/Users/miriam/Downloads/skilling-j/inbox/1290.",
  "/Users/miriam/Downloads/skilling-j/inbox/1294.",
  "/Users/miriam/Downloads/skilling-j/inbox/130.",
  "/Users/miriam/Downloads/skilling-j/inbox/131.",
  "/Users/miriam/Downloads/skilling-j/inbox/1486.",
  "/Users/miriam/Downloads/skilling-j/inbox/1494.",
  "/Users/miriam/Downloads/skilling-j/inbox/217.",
  "/Users/miriam/Downloads/skilling-j/inbox/2550.",
  "/Users/miriam/Downloads/skilling-j/inbox/291.",
  "/Users/miriam/Downloads/skilling-j/inbox/362.",
  "/Users/miriam/Downloads/skilling-j/inbox/388.",
  "/Users/miriam/Downloads/skilling-j/inbox/398.",
  "/Users/miriam/Downloads/skilling-j/inbox/403.",
  "/Users/miriam/Downloads/skilling-j/inbox/912.",
  "/Users/miriam/Downloads/skilling-j/inbox/92.",
  "/Users/miriam/Downloads/skilling-j/inbox/948.",
  "/Users/miriam/Downloads/skilling-j/mark/36.",
  "/Users/miriam/Downloads/skilling-j/mark/37.",
  "/Users/miriam/Downloads/skilling-j/notes_inbox/320.",
  "/Users/miriam/Downloads/skilling-j/notes_inbox/324.",
  "/Users/miriam/Downloads/skilling-j/notes_inbox/325.",
  "/Users/miriam/Downloads/skilling-j/notes_inbox/81.",
  "/Users/miriam/Downloads/skilling-j/notes_inbox/83.",
  "/Users/miriam/Downloads/skilling-j/sent/104.",
  "/Users/miriam/Downloads/skilling-j/sent/130.",
  "/Users/miriam/Downloads/skilling-j/sent/131.",
  "/Users/miriam/Downloads/skilling-j/sent/411.",
  "/Users/miriam/Downloads/skilling-j/sent/412.",
  "/Users/miriam/Downloads/skilling-j/sent/427.",
  "/Users/miriam/Downloads/skilling-j/sent/476.",
  "/Users/miriam/Downloads/skilling-j/sent/477.",
  "/Users/miriam/Downloads/skilling-j/sent/478.",
  "/Users/miriam/Downloads/skilling-j/sent/52.",
  "/Users/miriam/Downloads/skilling-j/sent/7.",
  "/Users/miriam/Downloads/skilling-j/sent/80.",
  "/Users/miriam/Downloads/skilling-j/sent/98.",
  "/Users/miriam/Downloads/skilling-j/sent/99.",
  "/Users/miriam/Downloads/skilling-j/sent_items/12.",
  "/Users/miriam/Downloads/skilling-j/sent_items/13.",
  "/Users/miriam/Downloads/skilling-j/sent_items/14.",
]
`;
